------------------------------------------------------------
Timing Analyzer Summary
------------------------------------------------------------

Type  : Slow 1100mV 85C Model Setup 'clk'
Slack : -3.748
TNS   : -322.067

Type  : Slow 1100mV 85C Model Hold 'clk'
Slack : 0.354
TNS   : 0.000

Type  : Slow 1100mV 85C Model Minimum Pulse Width 'clk'
Slack : -2.636
TNS   : -172.517

Type  : Slow 1100mV 0C Model Setup 'clk'
Slack : -3.851
TNS   : -317.778

Type  : Slow 1100mV 0C Model Hold 'clk'
Slack : 0.337
TNS   : 0.000

Type  : Slow 1100mV 0C Model Minimum Pulse Width 'clk'
Slack : -2.636
TNS   : -170.450

Type  : Fast 1100mV 85C Model Setup 'clk'
Slack : -1.612
TNS   : -107.149

Type  : Fast 1100mV 85C Model Hold 'clk'
Slack : 0.191
TNS   : 0.000

Type  : Fast 1100mV 85C Model Minimum Pulse Width 'clk'
Slack : -2.174
TNS   : -90.281

Type  : Fast 1100mV 0C Model Setup 'clk'
Slack : -1.349
TNS   : -90.890

Type  : Fast 1100mV 0C Model Hold 'clk'
Slack : 0.164
TNS   : 0.000

Type  : Fast 1100mV 0C Model Minimum Pulse Width 'clk'
Slack : -2.174
TNS   : -89.413

------------------------------------------------------------
